aaaaaaa
aaaaaab
aaaaaba
aaaaabb
aaaaabc
aaaabaa
aaaabab
aaaabac
aaaabba
aaaabbb
aaaabbc
aaaabca
aaaabcb
aaaabcc
aaaabcd
aaabaaa
aaabaab
aaabaac
aaababa
aaababb
aaababc
aaabaca
aaabacb
aaabacc
aaabacd
aaabbaa
aaabbab
aaabbac
aaabbba
aaabbbb
aaabbbc
aaabbca
aaabbcb
aaabbcc
aaabbcd
aaabcaa
aaabcab
aaabcac
aaabcad
aaabcba
aaabcbb
aaabcbc
aaabcbd
aaabcca
aaabccb
aaabccc
aaabccd
aaabcda
aaabcdb
aaabcdc
aaabcdd
aaabcde
aabaaaa
aabaaab
aabaaac
aabaaba
aabaabb
aabaabc
aabaaca
aabaacb
aabaacc
aabaacd
aababaa
aababab
aababac
aababba
aababbb
aababbc
aababca
aababcb
aababcc
aababcd
aabacaa
aabacab
aabacac
aabacad
aabacba
aabacbb
aabacbc
aabacbd
aabacca
aabaccb
aabaccc
aabaccd
aabacda
aabacdb
aabacdc
aabacdd
aabacde
aabbaaa
aabbaab
aabbaac
aabbaba
aabbabb
aabbabc
aabbaca
aabbacb
aabbacc
aabbacd
aabbbaa
aabbbab
aabbbac
aabbbba
aabbbbb
aabbbbc
aabbbca
aabbbcb
aabbbcc
aabbbcd
aabbcaa
aabbcab
aabbcac
aabbcad
aabbcba
aabbcbb
aabbcbc
aabbcbd
aabbcca
aabbccb
aabbccc
aabbccd
aabbcda
aabbcdb
aabbcdc
aabbcdd
aabbcde
aabcaaa
aabcaab
aabcaac
aabcaad
aabcaba
aabcabb
aabcabc
aabcabd
aabcaca
aabcacb
aabcacc
aabcacd
aabcada
aabcadb
aabcadc
aabcadd
aabcade
aabcbaa
aabcbab
aabcbac
aabcbad
aabcbba
aabcbbb
aabcbbc
aabcbbd
aabcbca
aabcbcb
aabcbcc
aabcbcd
aabcbda
aabcbdb
aabcbdc
aabcbdd
aabcbde
aabccaa
aabccab
aabccac
aabccad
aabccba
aabccbb
aabccbc
aabccbd
aabccca
aabcccb
aabcccc
aabcccd
aabccda
aabccdb
aabccdc
aabccdd
aabccde
aabcdaa
aabcdab
aabcdac
aabcdad
aabcdae
aabcdba
aabcdbb
aabcdbc
aabcdbd
aabcdbe
aabcdca
aabcdcb
aabcdcc
aabcdcd
aabcdce
aabcdda
aabcddb
aabcddc
aabcddd
aabcdde
aabcdea
aabcdeb
aabcdec
aabcded
aabcdee
aabcdef
abaaaaa
abaaaab
abaaaac
abaaaba
abaaabb
abaaabc
abaaaca
abaaacb
abaaacc
abaaacd
abaabaa
abaabab
abaabac
abaabba
abaabbb
abaabbc
abaabca
abaabcb
abaabcc
abaabcd
abaacaa
abaacab
abaacac
abaacad
abaacba
abaacbb
abaacbc
abaacbd
abaacca
abaaccb
abaaccc
abaaccd
abaacda
abaacdb
abaacdc
abaacdd
abaacde
ababaaa
ababaab
ababaac
abababa
abababb
abababc
ababaca
ababacb
ababacc
ababacd
ababbaa
ababbab
ababbac
ababbba
ababbbb
ababbbc
ababbca
ababbcb
ababbcc
ababbcd
ababcaa
ababcab
ababcac
ababcad
ababcba
ababcbb
ababcbc
ababcbd
ababcca
ababccb
ababccc
ababccd
ababcda
ababcdb
ababcdc
ababcdd
ababcde
abacaaa
abacaab
abacaac
abacaad
abacaba
abacabb
abacabc
abacabd
abacaca
abacacb
abacacc
abacacd
abacada
abacadb
abacadc
abacadd
abacade
abacbaa
abacbab
abacbac
abacbad
abacbba
abacbbb
abacbbc
abacbbd
abacbca
abacbcb
abacbcc
abacbcd
abacbda
abacbdb
abacbdc
abacbdd
abacbde
abaccaa
abaccab
abaccac
abaccad
abaccba
abaccbb
abaccbc
abaccbd
abaccca
abacccb
abacccc
abacccd
abaccda
abaccdb
abaccdc
abaccdd
abaccde
abacdaa
abacdab
abacdac
abacdad
abacdae
abacdba
abacdbb
abacdbc
abacdbd
abacdbe
abacdca
abacdcb
abacdcc
abacdcd
abacdce
abacdda
abacddb
abacddc
abacddd
abacdde
abacdea
abacdeb
abacdec
abacded
abacdee
abacdef
abbaaaa
abbaaab
abbaaac
abbaaba
abbaabb
abbaabc
abbaaca
abbaacb
abbaacc
abbaacd
abbabaa
abbabab
abbabac
abbabba
abbabbb
abbabbc
abbabca
abbabcb
abbabcc
abbabcd
abbacaa
abbacab
abbacac
abbacad
abbacba
abbacbb
abbacbc
abbacbd
abbacca
abbaccb
abbaccc
abbaccd
abbacda
abbacdb
abbacdc
abbacdd
abbacde
abbbaaa
abbbaab
abbbaac
abbbaba
abbbabb
abbbabc
abbbaca
abbbacb
abbbacc
abbbacd
abbbbaa
abbbbab
abbbbac
abbbbba
abbbbbb
abbbbbc
abbbbca
abbbbcb
abbbbcc
abbbbcd
abbbcaa
abbbcab
abbbcac
abbbcad
abbbcba
abbbcbb
abbbcbc
abbbcbd
abbbcca
abbbccb
abbbccc
abbbccd
abbbcda
abbbcdb
abbbcdc
abbbcdd
abbbcde
abbcaaa
abbcaab
abbcaac
abbcaad
abbcaba
abbcabb
abbcabc
abbcabd
abbcaca
abbcacb
abbcacc
abbcacd
abbcada
abbcadb
abbcadc
abbcadd
abbcade
abbcbaa
abbcbab
abbcbac
abbcbad
abbcbba
abbcbbb
abbcbbc
abbcbbd
abbcbca
abbcbcb
abbcbcc
abbcbcd
abbcbda
abbcbdb
abbcbdc
abbcbdd
abbcbde
abbccaa
abbccab
abbccac
abbccad
abbccba
abbccbb
abbccbc
abbccbd
abbccca
abbcccb
abbcccc
abbcccd
abbccda
abbccdb
abbccdc
abbccdd
abbccde
abbcdaa
abbcdab
abbcdac
abbcdad
abbcdae
abbcdba
abbcdbb
abbcdbc
abbcdbd
abbcdbe
abbcdca
abbcdcb
abbcdcc
abbcdcd
abbcdce
abbcdda
abbcddb
abbcddc
abbcddd
abbcdde
abbcdea
abbcdeb
abbcdec
abbcded
abbcdee
abbcdef
abcaaaa
abcaaab
abcaaac
abcaaad
abcaaba
abcaabb
abcaabc
abcaabd
abcaaca
abcaacb
abcaacc
abcaacd
abcaada
abcaadb
abcaadc
abcaadd
abcaade
abcabaa
abcabab
abcabac
abcabad
abcabba
abcabbb
abcabbc
abcabbd
abcabca
abcabcb
abcabcc
abcabcd
abcabda
abcabdb
abcabdc
abcabdd
abcabde
abcacaa
abcacab
abcacac
abcacad
abcacba
abcacbb
abcacbc
abcacbd
abcacca
abcaccb
abcaccc
abcaccd
abcacda
abcacdb
abcacdc
abcacdd
abcacde
abcadaa
abcadab
abcadac
abcadad
abcadae
abcadba
abcadbb
abcadbc
abcadbd
abcadbe
abcadca
abcadcb
abcadcc
abcadcd
abcadce
abcadda
abcaddb
abcaddc
abcaddd
abcadde
abcadea
abcadeb
abcadec
abcaded
abcadee
abcadef
abcbaaa
abcbaab
abcbaac
abcbaad
abcbaba
abcbabb
abcbabc
abcbabd
abcbaca
abcbacb
abcbacc
abcbacd
abcbada
abcbadb
abcbadc
abcbadd
abcbade
abcbbaa
abcbbab
abcbbac
abcbbad
abcbbba
abcbbbb
abcbbbc
abcbbbd
abcbbca
abcbbcb
abcbbcc
abcbbcd
abcbbda
abcbbdb
abcbbdc
abcbbdd
abcbbde
abcbcaa
abcbcab
abcbcac
abcbcad
abcbcba
abcbcbb
abcbcbc
abcbcbd
abcbcca
abcbccb
abcbccc
abcbccd
abcbcda
abcbcdb
abcbcdc
abcbcdd
abcbcde
abcbdaa
abcbdab
abcbdac
abcbdad
abcbdae
abcbdba
abcbdbb
abcbdbc
abcbdbd
abcbdbe
abcbdca
abcbdcb
abcbdcc
abcbdcd
abcbdce
abcbdda
abcbddb
abcbddc
abcbddd
abcbdde
abcbdea
abcbdeb
abcbdec
abcbded
abcbdee
abcbdef
abccaaa
abccaab
abccaac
abccaad
abccaba
abccabb
abccabc
abccabd
abccaca
abccacb
abccacc
abccacd
abccada
abccadb
abccadc
abccadd
abccade
abccbaa
abccbab
abccbac
abccbad
abccbba
abccbbb
abccbbc
abccbbd
abccbca
abccbcb
abccbcc
abccbcd
abccbda
abccbdb
abccbdc
abccbdd
abccbde
abcccaa
abcccab
abcccac
abcccad
abcccba
abcccbb
abcccbc
abcccbd
abcccca
abccccb
abccccc
abccccd
abcccda
abcccdb
abcccdc
abcccdd
abcccde
abccdaa
abccdab
abccdac
abccdad
abccdae
abccdba
abccdbb
abccdbc
abccdbd
abccdbe
abccdca
abccdcb
abccdcc
abccdcd
abccdce
abccdda
abccddb
abccddc
abccddd
abccdde
abccdea
abccdeb
abccdec
abccded
abccdee
abccdef
abcdaaa
abcdaab
abcdaac
abcdaad
abcdaae
abcdaba
abcdabb
abcdabc
abcdabd
abcdabe
abcdaca
abcdacb
abcdacc
abcdacd
abcdace
abcdada
abcdadb
abcdadc
abcdadd
abcdade
abcdaea
abcdaeb
abcdaec
abcdaed
abcdaee
abcdaef
abcdbaa
abcdbab
abcdbac
abcdbad
abcdbae
abcdbba
abcdbbb
abcdbbc
abcdbbd
abcdbbe
abcdbca
abcdbcb
abcdbcc
abcdbcd
abcdbce
abcdbda
abcdbdb
abcdbdc
abcdbdd
abcdbde
abcdbea
abcdbeb
abcdbec
abcdbed
abcdbee
abcdbef
abcdcaa
abcdcab
abcdcac
abcdcad
abcdcae
abcdcba
abcdcbb
abcdcbc
abcdcbd
abcdcbe
abcdcca
abcdccb
abcdccc
abcdccd
abcdcce
abcdcda
abcdcdb
abcdcdc
abcdcdd
abcdcde
abcdcea
abcdceb
abcdcec
abcdced
abcdcee
abcdcef
abcddaa
abcddab
abcddac
abcddad
abcddae
abcddba
abcddbb
abcddbc
abcddbd
abcddbe
abcddca
abcddcb
abcddcc
abcddcd
abcddce
abcddda
abcdddb
abcdddc
abcdddd
abcddde
abcddea
abcddeb
abcddec
abcdded
abcddee
abcddef
abcdeaa
abcdeab
abcdeac
abcdead
abcdeae
abcdeaf
abcdeba
abcdebb
abcdebc
abcdebd
abcdebe
abcdebf
abcdeca
abcdecb
abcdecc
abcdecd
abcdece
abcdecf
abcdeda
abcdedb
abcdedc
abcdedd
abcdede
abcdedf
abcdeea
abcdeeb
abcdeec
abcdeed
abcdeee
abcdeef
abcdefa
abcdefb
abcdefc
abcdefd
abcdefe
abcdeff
abcdefg
